
> wiwekaitech-frontend@1.0.0 build
> next build

  Γû▓ Next.js 14.2.35
  - Environments: .env.local

   Creating an optimized production build ...
 Γ£ô Compiled successfully
   Linting and checking validity of types ...
   Collecting page data ...
   Generating static pages (0/19) ...
npm : 
At line:1 char:62
+ ... tech Copilot/frontend"; npm run build > build-output.txt 2>&1; Get-Co ...
+                             ~~~~~~~~~~~~~~~~~~~~~~~~~~~~~~~~~~~~~
    + CategoryInfo          : NotSpecified: (:String) [], RemoteException
    + FullyQualifiedErrorId : NativeCommandError
 
The `locale` parameter in `getRequestConfig` is deprecated, please switch to 
`await requestLocale`. See 
https://next-intl.dev/blog/next-intl-3-22#await-request-locale


A `locale` is expected to be returned from `getRequestConfig`, but none was 
returned. This will be an error in the next major version of next-intl.

See: https://next-intl.dev/blog/next-intl-3-22#await-request-locale


The `locale` parameter in `getRequestConfig` is deprecated, please switch to 
`await requestLocale`. See 
https://next-intl.dev/blog/next-intl-3-22#await-request-locale


A `locale` is expected to be returned from `getRequestConfig`, but none was 
returned. This will be an error in the next major version of next-intl.

See: https://next-intl.dev/blog/next-intl-3-22#await-request-locale


The `locale` parameter in `getRequestConfig` is deprecated, please switch to 
`await requestLocale`. See 
https://next-intl.dev/blog/next-intl-3-22#await-request-locale


A `locale` is expected to be returned from `getRequestConfig`, but none was 
returned. This will be an error in the next major version of next-intl.

See: https://next-intl.dev/blog/next-intl-3-22#await-request-locale


The `locale` parameter in `getRequestConfig` is deprecated, please switch to 
`await requestLocale`. See 
https://next-intl.dev/blog/next-intl-3-22#await-request-locale


A `locale` is expected to be returned from `getRequestConfig`, but none was 
returned. This will be an error in the next major version of next-intl.

See: https://next-intl.dev/blog/next-intl-3-22#await-request-locale


The `locale` parameter in `getRequestConfig` is deprecated, please switch to 
`await requestLocale`. See 
https://next-intl.dev/blog/next-intl-3-22#await-request-locale


A `locale` is expected to be returned from `getRequestConfig`, but none was 
returned. This will be an error in the next major version of next-intl.

See: https://next-intl.dev/blog/next-intl-3-22#await-request-locale


The `locale` parameter in `getRequestConfig` is deprecated, please switch to 
`await requestLocale`. See 
https://next-intl.dev/blog/next-intl-3-22#await-request-locale


A `locale` is expected to be returned from `getRequestConfig`, but none was 
returned. This will be an error in the next major version of next-intl.

See: https://next-intl.dev/blog/next-intl-3-22#await-request-locale


The `locale` parameter in `getRequestConfig` is deprecated, please switch to 
`await requestLocale`. See 
https://next-intl.dev/blog/next-intl-3-22#await-request-locale


A `locale` is expected to be returned from `getRequestConfig`, but none was 
returned. This will be an error in the next major version of next-intl.

See: https://next-intl.dev/blog/next-intl-3-22#await-request-locale

   Generating static pages (4/19) 
u [Error]: MISSING_MESSAGE: seo.products.title (id)
    at b (D:\Bali Algoritm\Projects\Wiwekaitech 
Copilot\frontend\.next\server\chunks\384.js:1:145180)
    at E (D:\Bali Algoritm\Projects\Wiwekaitech 
Copilot\frontend\.next\server\chunks\384.js:1:145336)
    at T (D:\Bali Algoritm\Projects\Wiwekaitech 
Copilot\frontend\.next\server\chunks\384.js:1:146669)
    at Module.o (D:\Bali Algoritm\Projects\Wiwekaitech 
Copilot\frontend\.next\server\app\[locale]\products\page.js:1:6608) {
  code: 'MISSING_MESSAGE',
  originalMessage: 'seo.products.title (id)'
}
u [Error]: MISSING_MESSAGE: seo.products.description (id)
    at b (D:\Bali Algoritm\Projects\Wiwekaitech 
Copilot\frontend\.next\server\chunks\384.js:1:145180)
    at E (D:\Bali Algoritm\Projects\Wiwekaitech 
Copilot\frontend\.next\server\chunks\384.js:1:145336)
    at T (D:\Bali Algoritm\Projects\Wiwekaitech 
Copilot\frontend\.next\server\chunks\384.js:1:146669)
    at Module.o (D:\Bali Algoritm\Projects\Wiwekaitech 
Copilot\frontend\.next\server\app\[locale]\products\page.js:1:6631) {
  code: 'MISSING_MESSAGE',
  originalMessage: 'seo.products.description (id)'
}
u [Error]: MISSING_MESSAGE: seo.products.title (id)
    at b (D:\Bali Algoritm\Projects\Wiwekaitech 
Copilot\frontend\.next\server\chunks\384.js:1:145180)
    at E (D:\Bali Algoritm\Projects\Wiwekaitech 
Copilot\frontend\.next\server\chunks\384.js:1:145336)
    at T (D:\Bali Algoritm\Projects\Wiwekaitech 
Copilot\frontend\.next\server\chunks\384.js:1:146669)
    at Module.o (D:\Bali Algoritm\Projects\Wiwekaitech 
Copilot\frontend\.next\server\app\[locale]\products\page.js:1:6608)
    at runNextTicks (node:internal/process/task_queues:60:5)
    at listOnTimeout (node:internal/timers:538:9)
    at process.processTimers (node:internal/timers:512:7) {
  code: 'MISSING_MESSAGE',
  originalMessage: 'seo.products.title (id)'
}
u [Error]: MISSING_MESSAGE: seo.products.description (id)
    at b (D:\Bali Algoritm\Projects\Wiwekaitech 
Copilot\frontend\.next\server\chunks\384.js:1:145180)
    at E (D:\Bali Algoritm\Projects\Wiwekaitech 
Copilot\frontend\.next\server\chunks\384.js:1:145336)
    at T (D:\Bali Algoritm\Projects\Wiwekaitech 
Copilot\frontend\.next\server\chunks\384.js:1:146669)
    at Module.o (D:\Bali Algoritm\Projects\Wiwekaitech 
Copilot\frontend\.next\server\app\[locale]\products\page.js:1:6631)
    at runNextTicks (node:internal/process/task_queues:60:5)
    at listOnTimeout (node:internal/timers:538:9)
    at process.processTimers (node:internal/timers:512:7) {
  code: 'MISSING_MESSAGE',
  originalMessage: 'seo.products.description (id)'
}
u [Error]: MISSING_MESSAGE: seo.products.title (en)
    at b (D:\Bali Algoritm\Projects\Wiwekaitech 
Copilot\frontend\.next\server\chunks\384.js:1:145180)
    at E (D:\Bali Algoritm\Projects\Wiwekaitech 
Copilot\frontend\.next\server\chunks\384.js:1:145336)
    at T (D:\Bali Algoritm\Projects\Wiwekaitech 
Copilot\frontend\.next\server\chunks\384.js:1:146669)
    at Module.o (D:\Bali Algoritm\Projects\Wiwekaitech 
Copilot\frontend\.next\server\app\[locale]\products\page.js:1:6608) {
  code: 'MISSING_MESSAGE',
  originalMessage: 'seo.products.title (en)'
}
u [Error]: MISSING_MESSAGE: seo.products.description (en)
    at b (D:\Bali Algoritm\Projects\Wiwekaitech 
Copilot\frontend\.next\server\chunks\384.js:1:145180)
    at E (D:\Bali Algoritm\Projects\Wiwekaitech 
Copilot\frontend\.next\server\chunks\384.js:1:145336)
    at T (D:\Bali Algoritm\Projects\Wiwekaitech 
Copilot\frontend\.next\server\chunks\384.js:1:146669)
    at Module.o (D:\Bali Algoritm\Projects\Wiwekaitech 
Copilot\frontend\.next\server\app\[locale]\products\page.js:1:6631) {
  code: 'MISSING_MESSAGE',
  originalMessage: 'seo.products.description (en)'
}
u [Error]: MISSING_MESSAGE: seo.products.title (en)
    at b (D:\Bali Algoritm\Projects\Wiwekaitech 
Copilot\frontend\.next\server\chunks\384.js:1:145180)
    at E (D:\Bali Algoritm\Projects\Wiwekaitech 
Copilot\frontend\.next\server\chunks\384.js:1:145336)
    at T (D:\Bali Algoritm\Projects\Wiwekaitech 
Copilot\frontend\.next\server\chunks\384.js:1:146669)
    at Module.o (D:\Bali Algoritm\Projects\Wiwekaitech 
Copilot\frontend\.next\server\app\[locale]\products\page.js:1:6608)
    at runNextTicks (node:internal/process/task_queues:60:5)
    at listOnTimeout (node:internal/timers:538:9)
    at process.processTimers (node:internal/timers:512:7) {
  code: 'MISSING_MESSAGE',
  originalMessage: 'seo.products.title (en)'
}
u [Error]: MISSING_MESSAGE: seo.products.description (en)
    at b (D:\Bali Algoritm\Projects\Wiwekaitech 
Copilot\frontend\.next\server\chunks\384.js:1:145180)
    at E (D:\Bali Algoritm\Projects\Wiwekaitech 
Copilot\frontend\.next\server\chunks\384.js:1:145336)
    at T (D:\Bali Algoritm\Projects\Wiwekaitech 
Copilot\frontend\.next\server\chunks\384.js:1:146669)
    at Module.o (D:\Bali Algoritm\Projects\Wiwekaitech 
Copilot\frontend\.next\server\app\[locale]\products\page.js:1:6631)
    at runNextTicks (node:internal/process/task_queues:60:5)
    at listOnTimeout (node:internal/timers:538:9)
    at process.processTimers (node:internal/timers:512:7) {
  code: 'MISSING_MESSAGE',
  originalMessage: 'seo.products.description (en)'
}
u [Error]: MISSING_MESSAGE: products.subtitle (en)
    at b (D:\Bali Algoritm\Projects\Wiwekaitech 
Copilot\frontend\.next\server\chunks\384.js:1:73643)
    at E (D:\Bali Algoritm\Projects\Wiwekaitech 
Copilot\frontend\.next\server\chunks\384.js:1:73799)
    at T (D:\Bali Algoritm\Projects\Wiwekaitech 
Copilot\frontend\.next\server\chunks\384.js:1:75132)
    at c (D:\Bali Algoritm\Projects\Wiwekaitech 
Copilot\frontend\.next\server\app\[locale]\products\page.js:1:3133)
    at nj (D:\Bali Algoritm\Projects\Wiwekaitech Copilot\frontend\node_modules\
next\dist\compiled\next-server\app-page.runtime.prod.js:12:46252)
    at nM (D:\Bali Algoritm\Projects\Wiwekaitech Copilot\frontend\node_modules\
next\dist\compiled\next-server\app-page.runtime.prod.js:12:47572)
    at nM (D:\Bali Algoritm\Projects\Wiwekaitech Copilot\frontend\node_modules\
next\dist\compiled\next-server\app-page.runtime.prod.js:12:61547)
    at nL (D:\Bali Algoritm\Projects\Wiwekaitech Copilot\frontend\node_modules\
next\dist\compiled\next-server\app-page.runtime.prod.js:12:64547)
    at nB (D:\Bali Algoritm\Projects\Wiwekaitech Copilot\frontend\node_modules\
next\dist\compiled\next-server\app-page.runtime.prod.js:12:67539)
    at nD (D:\Bali Algoritm\Projects\Wiwekaitech Copilot\frontend\node_modules\
next\dist\compiled\next-server\app-page.runtime.prod.js:12:66681) {
  code: 'MISSING_MESSAGE',
  originalMessage: 'products.subtitle (en)'
}
u [Error]: MISSING_MESSAGE: products.title (en)
    at b (D:\Bali Algoritm\Projects\Wiwekaitech 
Copilot\frontend\.next\server\chunks\384.js:1:73643)
    at E (D:\Bali Algoritm\Projects\Wiwekaitech 
Copilot\frontend\.next\server\chunks\384.js:1:73799)
    at T (D:\Bali Algoritm\Projects\Wiwekaitech 
Copilot\frontend\.next\server\chunks\384.js:1:75132)
    at c (D:\Bali Algoritm\Projects\Wiwekaitech 
Copilot\frontend\.next\server\app\[locale]\products\page.js:1:3253)
    at nj (D:\Bali Algoritm\Projects\Wiwekaitech Copilot\frontend\node_modules\
next\dist\compiled\next-server\app-page.runtime.prod.js:12:46252)
    at nM (D:\Bali Algoritm\Projects\Wiwekaitech Copilot\frontend\node_modules\
next\dist\compiled\next-server\app-page.runtime.prod.js:12:47572)
    at nM (D:\Bali Algoritm\Projects\Wiwekaitech Copilot\frontend\node_modules\
next\dist\compiled\next-server\app-page.runtime.prod.js:12:61547)
    at nL (D:\Bali Algoritm\Projects\Wiwekaitech Copilot\frontend\node_modules\
next\dist\compiled\next-server\app-page.runtime.prod.js:12:64547)
    at nB (D:\Bali Algoritm\Projects\Wiwekaitech Copilot\frontend\node_modules\
next\dist\compiled\next-server\app-page.runtime.prod.js:12:67539)
    at nD (D:\Bali Algoritm\Projects\Wiwekaitech Copilot\frontend\node_modules\
next\dist\compiled\next-server\app-page.runtime.prod.js:12:66681) {
  code: 'MISSING_MESSAGE',
  originalMessage: 'products.title (en)'
}
u [Error]: MISSING_MESSAGE: products.subtitle (en)
    at b (D:\Bali Algoritm\Projects\Wiwekaitech 
Copilot\frontend\.next\server\chunks\384.js:1:73643)
    at E (D:\Bali Algoritm\Projects\Wiwekaitech 
Copilot\frontend\.next\server\chunks\384.js:1:73799)
    at T (D:\Bali Algoritm\Projects\Wiwekaitech 
Copilot\frontend\.next\server\chunks\384.js:1:75132)
    at c (D:\Bali Algoritm\Projects\Wiwekaitech 
Copilot\frontend\.next\server\app\[locale]\products\page.js:1:3359)
    at nj (D:\Bali Algoritm\Projects\Wiwekaitech Copilot\frontend\node_modules\
next\dist\compiled\next-server\app-page.runtime.prod.js:12:46252)
    at nM (D:\Bali Algoritm\Projects\Wiwekaitech Copilot\frontend\node_modules\
next\dist\compiled\next-server\app-page.runtime.prod.js:12:47572)
    at nM (D:\Bali Algoritm\Projects\Wiwekaitech Copilot\frontend\node_modules\
next\dist\compiled\next-server\app-page.runtime.prod.js:12:61547)
    at nL (D:\Bali Algoritm\Projects\Wiwekaitech Copilot\frontend\node_modules\
next\dist\compiled\next-server\app-page.runtime.prod.js:12:64547)
    at nB (D:\Bali Algoritm\Projects\Wiwekaitech Copilot\frontend\node_modules\
next\dist\compiled\next-server\app-page.runtime.prod.js:12:67539)
    at nD (D:\Bali Algoritm\Projects\Wiwekaitech Copilot\frontend\node_modules\
next\dist\compiled\next-server\app-page.runtime.prod.js:12:66681) {
   Generating static pages (9/19) 
  code: 'MISSING_MESSAGE',
  originalMessage: 'products.subtitle (en)'
}
u [Error]: MISSING_MESSAGE: products.subtitle (id)
    at b (D:\Bali Algoritm\Projects\Wiwekaitech 
Copilot\frontend\.next\server\chunks\384.js:1:73643)
    at E (D:\Bali Algoritm\Projects\Wiwekaitech 
Copilot\frontend\.next\server\chunks\384.js:1:73799)
    at T (D:\Bali Algoritm\Projects\Wiwekaitech 
Copilot\frontend\.next\server\chunks\384.js:1:75132)
    at c (D:\Bali Algoritm\Projects\Wiwekaitech 
Copilot\frontend\.next\server\app\[locale]\products\page.js:1:3133)
    at nj (D:\Bali Algoritm\Projects\Wiwekaitech Copilot\frontend\node_modules\
next\dist\compiled\next-server\app-page.runtime.prod.js:12:46252)
    at nM (D:\Bali Algoritm\Projects\Wiwekaitech Copilot\frontend\node_modules\
next\dist\compiled\next-server\app-page.runtime.prod.js:12:47572)
    at nM (D:\Bali Algoritm\Projects\Wiwekaitech Copilot\frontend\node_modules\
next\dist\compiled\next-server\app-page.runtime.prod.js:12:61547)
    at nL (D:\Bali Algoritm\Projects\Wiwekaitech Copilot\frontend\node_modules\
next\dist\compiled\next-server\app-page.runtime.prod.js:12:64547)
    at nB (D:\Bali Algoritm\Projects\Wiwekaitech Copilot\frontend\node_modules\
next\dist\compiled\next-server\app-page.runtime.prod.js:12:67539)
    at nD (D:\Bali Algoritm\Projects\Wiwekaitech Copilot\frontend\node_modules\
next\dist\compiled\next-server\app-page.runtime.prod.js:12:66681) {
  code: 'MISSING_MESSAGE',
  originalMessage: 'products.subtitle (id)'
}
u [Error]: MISSING_MESSAGE: products.title (id)
    at b (D:\Bali Algoritm\Projects\Wiwekaitech 
Copilot\frontend\.next\server\chunks\384.js:1:73643)
    at E (D:\Bali Algoritm\Projects\Wiwekaitech 
Copilot\frontend\.next\server\chunks\384.js:1:73799)
    at T (D:\Bali Algoritm\Projects\Wiwekaitech 
Copilot\frontend\.next\server\chunks\384.js:1:75132)
    at c (D:\Bali Algoritm\Projects\Wiwekaitech 
Copilot\frontend\.next\server\app\[locale]\products\page.js:1:3253)
    at nj (D:\Bali Algoritm\Projects\Wiwekaitech Copilot\frontend\node_modules\
next\dist\compiled\next-server\app-page.runtime.prod.js:12:46252)
    at nM (D:\Bali Algoritm\Projects\Wiwekaitech Copilot\frontend\node_modules\
next\dist\compiled\next-server\app-page.runtime.prod.js:12:47572)
    at nM (D:\Bali Algoritm\Projects\Wiwekaitech Copilot\frontend\node_modules\
next\dist\compiled\next-server\app-page.runtime.prod.js:12:61547)
    at nL (D:\Bali Algoritm\Projects\Wiwekaitech Copilot\frontend\node_modules\
next\dist\compiled\next-server\app-page.runtime.prod.js:12:64547)
    at nB (D:\Bali Algoritm\Projects\Wiwekaitech Copilot\frontend\node_modules\
next\dist\compiled\next-server\app-page.runtime.prod.js:12:67539)
    at nD (D:\Bali Algoritm\Projects\Wiwekaitech Copilot\frontend\node_modules\
next\dist\compiled\next-server\app-page.runtime.prod.js:12:66681) {
  code: 'MISSING_MESSAGE',
  originalMessage: 'products.title (id)'
}
u [Error]: MISSING_MESSAGE: products.subtitle (id)
    at b (D:\Bali Algoritm\Projects\Wiwekaitech 
Copilot\frontend\.next\server\chunks\384.js:1:73643)
    at E (D:\Bali Algoritm\Projects\Wiwekaitech 
Copilot\frontend\.next\server\chunks\384.js:1:73799)
    at T (D:\Bali Algoritm\Projects\Wiwekaitech 
Copilot\frontend\.next\server\chunks\384.js:1:75132)
    at c (D:\Bali Algoritm\Projects\Wiwekaitech 
Copilot\frontend\.next\server\app\[locale]\products\page.js:1:3359)
    at nj (D:\Bali Algoritm\Projects\Wiwekaitech Copilot\frontend\node_modules\
next\dist\compiled\next-server\app-page.runtime.prod.js:12:46252)
    at nM (D:\Bali Algoritm\Projects\Wiwekaitech Copilot\frontend\node_modules\
next\dist\compiled\next-server\app-page.runtime.prod.js:12:47572)
    at nM (D:\Bali Algoritm\Projects\Wiwekaitech Copilot\frontend\node_modules\
next\dist\compiled\next-server\app-page.runtime.prod.js:12:61547)
    at nL (D:\Bali Algoritm\Projects\Wiwekaitech Copilot\frontend\node_modules\
next\dist\compiled\next-server\app-page.runtime.prod.js:12:64547)
    at nB (D:\Bali Algoritm\Projects\Wiwekaitech Copilot\frontend\node_modules\
next\dist\compiled\next-server\app-page.runtime.prod.js:12:67539)
    at nD (D:\Bali Algoritm\Projects\Wiwekaitech Copilot\frontend\node_modules\
next\dist\compiled\next-server\app-page.runtime.prod.js:12:66681) {
  code: 'MISSING_MESSAGE',
  originalMessage: 'products.subtitle (id)'
}
u [Error]: MISSING_MESSAGE: products.subtitle (id)
    at b (D:\Bali Algoritm\Projects\Wiwekaitech 
Copilot\frontend\.next\server\chunks\384.js:1:73643)
    at E (D:\Bali Algoritm\Projects\Wiwekaitech 
Copilot\frontend\.next\server\chunks\384.js:1:73799)
    at T (D:\Bali Algoritm\Projects\Wiwekaitech 
Copilot\frontend\.next\server\chunks\384.js:1:75132)
    at c (D:\Bali Algoritm\Projects\Wiwekaitech 
Copilot\frontend\.next\server\app\[locale]\page.js:1:13622)
    at nj (D:\Bali Algoritm\Projects\Wiwekaitech Copilot\frontend\node_modules\
next\dist\compiled\next-server\app-page.runtime.prod.js:12:46252)
    at nM (D:\Bali Algoritm\Projects\Wiwekaitech Copilot\frontend\node_modules\
next\dist\compiled\next-server\app-page.runtime.prod.js:12:47572)
    at nM (D:\Bali Algoritm\Projects\Wiwekaitech Copilot\frontend\node_modules\
next\dist\compiled\next-server\app-page.runtime.prod.js:12:61547)
    at nL (D:\Bali Algoritm\Projects\Wiwekaitech Copilot\frontend\node_modules\
next\dist\compiled\next-server\app-page.runtime.prod.js:12:64547)
    at nB (D:\Bali Algoritm\Projects\Wiwekaitech Copilot\frontend\node_modules\
next\dist\compiled\next-server\app-page.runtime.prod.js:12:67539)
    at nD (D:\Bali Algoritm\Projects\Wiwekaitech Copilot\frontend\node_modules\
next\dist\compiled\next-server\app-page.runtime.prod.js:12:66681) {
  code: 'MISSING_MESSAGE',
  originalMessage: 'products.subtitle (id)'
}
u [Error]: MISSING_MESSAGE: products.title (id)
    at b (D:\Bali Algoritm\Projects\Wiwekaitech 
Copilot\frontend\.next\server\chunks\384.js:1:73643)
    at E (D:\Bali Algoritm\Projects\Wiwekaitech 
Copilot\frontend\.next\server\chunks\384.js:1:73799)
    at T (D:\Bali Algoritm\Projects\Wiwekaitech 
Copilot\frontend\.next\server\chunks\384.js:1:75132)
    at c (D:\Bali Algoritm\Projects\Wiwekaitech 
Copilot\frontend\.next\server\app\[locale]\page.js:1:13717)
    at nj (D:\Bali Algoritm\Projects\Wiwekaitech Copilot\frontend\node_modules\
next\dist\compiled\next-server\app-page.runtime.prod.js:12:46252)
    at nM (D:\Bali Algoritm\Projects\Wiwekaitech Copilot\frontend\node_modules\
next\dist\compiled\next-server\app-page.runtime.prod.js:12:47572)
    at nM (D:\Bali Algoritm\Projects\Wiwekaitech Copilot\frontend\node_modules\
next\dist\compiled\next-server\app-page.runtime.prod.js:12:61547)
    at nL (D:\Bali Algoritm\Projects\Wiwekaitech Copilot\frontend\node_modules\
next\dist\compiled\next-server\app-page.runtime.prod.js:12:64547)
    at nB (D:\Bali Algoritm\Projects\Wiwekaitech Copilot\frontend\node_modules\
next\dist\compiled\next-server\app-page.runtime.prod.js:12:67539)
    at nD (D:\Bali Algoritm\Projects\Wiwekaitech Copilot\frontend\node_modules\
next\dist\compiled\next-server\app-page.runtime.prod.js:12:66681) {
  code: 'MISSING_MESSAGE',
  originalMessage: 'products.title (id)'
}
u [Error]: MISSING_MESSAGE: products.showAll (id)
    at b (D:\Bali Algoritm\Projects\Wiwekaitech 
Copilot\frontend\.next\server\chunks\384.js:1:73643)
    at E (D:\Bali Algoritm\Projects\Wiwekaitech 
Copilot\frontend\.next\server\chunks\384.js:1:73799)
    at T (D:\Bali Algoritm\Projects\Wiwekaitech 
Copilot\frontend\.next\server\chunks\384.js:1:75132)
    at c (D:\Bali Algoritm\Projects\Wiwekaitech 
Copilot\frontend\.next\server\app\[locale]\page.js:1:15219)
    at nj (D:\Bali Algoritm\Projects\Wiwekaitech Copilot\frontend\node_modules\
next\dist\compiled\next-server\app-page.runtime.prod.js:12:46252)
    at nM (D:\Bali Algoritm\Projects\Wiwekaitech Copilot\frontend\node_modules\
next\dist\compiled\next-server\app-page.runtime.prod.js:12:47572)
    at nM (D:\Bali Algoritm\Projects\Wiwekaitech Copilot\frontend\node_modules\
next\dist\compiled\next-server\app-page.runtime.prod.js:12:61547)
    at nL (D:\Bali Algoritm\Projects\Wiwekaitech Copilot\frontend\node_modules\
next\dist\compiled\next-server\app-page.runtime.prod.js:12:64547)
    at nB (D:\Bali Algoritm\Projects\Wiwekaitech Copilot\frontend\node_modules\
next\dist\compiled\next-server\app-page.runtime.prod.js:12:67539)
    at nD (D:\Bali Algoritm\Projects\Wiwekaitech Copilot\frontend\node_modules\
next\dist\compiled\next-server\app-page.runtime.prod.js:12:66681) {
  code: 'MISSING_MESSAGE',
  originalMessage: 'products.showAll (id)'
}
u [Error]: MISSING_MESSAGE: products.subtitle (en)
    at b (D:\Bali Algoritm\Projects\Wiwekaitech 
Copilot\frontend\.next\server\chunks\384.js:1:73643)
    at E (D:\Bali Algoritm\Projects\Wiwekaitech 
Copilot\frontend\.next\server\chunks\384.js:1:73799)
    at T (D:\Bali Algoritm\Projects\Wiwekaitech 
Copilot\frontend\.next\server\chunks\384.js:1:75132)
    at c (D:\Bali Algoritm\Projects\Wiwekaitech 
Copilot\frontend\.next\server\app\[locale]\page.js:1:13622)
    at nj (D:\Bali Algoritm\Projects\Wiwekaitech Copilot\frontend\node_modules\
next\dist\compiled\next-server\app-page.runtime.prod.js:12:46252)
    at nM (D:\Bali Algoritm\Projects\Wiwekaitech Copilot\frontend\node_modules\
next\dist\compiled\next-server\app-page.runtime.prod.js:12:47572)
    at nM (D:\Bali Algoritm\Projects\Wiwekaitech Copilot\frontend\node_modules\
next\dist\compiled\next-server\app-page.runtime.prod.js:12:61547)
    at nL (D:\Bali Algoritm\Projects\Wiwekaitech Copilot\frontend\node_modules\
next\dist\compiled\next-server\app-page.runtime.prod.js:12:64547)
    at nB (D:\Bali Algoritm\Projects\Wiwekaitech Copilot\frontend\node_modules\
next\dist\compiled\next-server\app-page.runtime.prod.js:12:67539)
    at nD (D:\Bali Algoritm\Projects\Wiwekaitech Copilot\frontend\node_modules\
next\dist\compiled\next-server\app-page.runtime.prod.js:12:66681) {
  code: 'MISSING_MESSAGE',
  originalMessage: 'products.subtitle (en)'
}
u [Error]: MISSING_MESSAGE: products.title (en)
    at b (D:\Bali Algoritm\Projects\Wiwekaitech 
Copilot\frontend\.next\server\chunks\384.js:1:73643)
    at E (D:\Bali Algoritm\Projects\Wiwekaitech 
Copilot\frontend\.next\server\chunks\384.js:1:73799)
    at T (D:\Bali Algoritm\Projects\Wiwekaitech 
Copilot\frontend\.next\server\chunks\384.js:1:75132)
    at c (D:\Bali Algoritm\Projects\Wiwekaitech 
Copilot\frontend\.next\server\app\[locale]\page.js:1:13717)
    at nj (D:\Bali Algoritm\Projects\Wiwekaitech Copilot\frontend\node_modules\
next\dist\compiled\next-server\app-page.runtime.prod.js:12:46252)
    at nM (D:\Bali Algoritm\Projects\Wiwekaitech Copilot\frontend\node_modules\
next\dist\compiled\next-server\app-page.runtime.prod.js:12:47572)
    at nM (D:\Bali Algoritm\Projects\Wiwekaitech Copilot\frontend\node_modules\
next\dist\compiled\next-server\app-page.runtime.prod.js:12:61547)
    at nL (D:\Bali Algoritm\Projects\Wiwekaitech Copilot\frontend\node_modules\
next\dist\compiled\next-server\app-page.runtime.prod.js:12:64547)
    at nB (D:\Bali Algoritm\Projects\Wiwekaitech Copilot\frontend\node_modules\
next\dist\compiled\next-server\app-page.runtime.prod.js:12:67539)
    at nD (D:\Bali Algoritm\Projects\Wiwekaitech Copilot\frontend\node_modules\
next\dist\compiled\next-server\app-page.runtime.prod.js:12:66681) {
  code: 'MISSING_MESSAGE',
  originalMessage: 'products.title (en)'
}
u [Error]: MISSING_MESSAGE: products.showAll (en)
    at b (D:\Bali Algoritm\Projects\Wiwekaitech 
Copilot\frontend\.next\server\chunks\384.js:1:73643)
    at E (D:\Bali Algoritm\Projects\Wiwekaitech 
Copilot\frontend\.next\server\chunks\384.js:1:73799)
    at T (D:\Bali Algoritm\Projects\Wiwekaitech 
Copilot\frontend\.next\server\chunks\384.js:1:75132)
    at c (D:\Bali Algoritm\Projects\Wiwekaitech 
Copilot\frontend\.next\server\app\[locale]\page.js:1:15219)
    at nj (D:\Bali Algoritm\Projects\Wiwekaitech Copilot\frontend\node_modules\
next\dist\compiled\next-server\app-page.runtime.prod.js:12:46252)
    at nM (D:\Bali Algoritm\Projects\Wiwekaitech Copilot\frontend\node_modules\
next\dist\compiled\next-server\app-page.runtime.prod.js:12:47572)
    at nM (D:\Bali Algoritm\Projects\Wiwekaitech Copilot\frontend\node_modules\
next\dist\compiled\next-server\app-page.runtime.prod.js:12:61547)
    at nL (D:\Bali Algoritm\Projects\Wiwekaitech Copilot\frontend\node_modules\
next\dist\compiled\next-server\app-page.runtime.prod.js:12:64547)
    at nB (D:\Bali Algoritm\Projects\Wiwekaitech Copilot\frontend\node_modules\
next\dist\compiled\next-server\app-page.runtime.prod.js:12:67539)
    at nD (D:\Bali Algoritm\Projects\Wiwekaitech Copilot\frontend\node_modules\
next\dist\compiled\next-server\app-page.runtime.prod.js:12:66681) {
  code: 'MISSING_MESSAGE',
  originalMessage: 'products.showAll (en)'
}
   Generating static pages (14/19) 
 Γ£ô Generating static pages (19/19)
   Finalizing page optimization ...
   Collecting build traces ...

Route (app)                              Size     First Load JS
Γöî Γùï /_not-found                          873 B          88.3 kB
Γö£ ΓùÅ /[locale]                            5.67 kB         163 kB
Γö£   Γö£ /en
Γö£   Γöö /id
Γö£ ΓùÅ /[locale]/about                      1.52 kB        88.9 kB
Γö£   Γö£ /en/about
Γö£   Γöö /id/about
Γö£ ΓùÅ /[locale]/blog                       2.36 kB         117 kB
Γö£   Γö£ /en/blog
Γö£   Γöö /id/blog
Γö£ ΓùÅ /[locale]/contact                    2.22 kB         117 kB
Γö£   Γö£ /en/contact
Γö£   Γöö /id/contact
Γö£ ΓùÅ /[locale]/products                   2.44 kB         118 kB
Γö£   Γö£ /en/products
Γö£   Γöö /id/products
Γö£ ΓùÅ /[locale]/products/erp               6.02 kB         163 kB
Γö£   Γö£ /en/products/erp
Γö£   Γöö /id/products/erp
Γö£ ΓùÅ /[locale]/projects                   2.61 kB         118 kB
Γö£   Γö£ /en/projects
Γö£   Γöö /id/projects
Γöö ΓùÅ /[locale]/tutorial                   2.6 kB          118 kB
    Γö£ /en/tutorial
    Γöö /id/tutorial
+ First Load JS shared by all            87.4 kB
  Γö£ chunks/117-85c823d74c8f190f.js       31.7 kB
  Γö£ chunks/fd9d1056-34ac56cb32b70ed4.js  53.6 kB
  Γöö other shared chunks (total)          2.02 kB


╞Æ Middleware                             47 kB

Γùï  (Static)  prerendered as static content
ΓùÅ  (SSG)     prerendered as static HTML (uses getStaticProps)

